user_id,email,phone_number
1,970a74137fcc9b20e4da9ce94fc2cf0b,e807f1fcf82d132f9bb018ca6738a19f
1,a57f07ac0603e43defb61327f2174454,e807f1fcf82d132f9bb018ca6738a19f
